>>> Starting Agent Boot Sequence...
[1/6] Checking User Account               [OK]
   ... Running as service user 'agent' (uid=1001)
[2/6] Verifying Environment Variables     [OK]
   ... All required Envs correct
[3/6] Checking Required Files             [OK]
   ... Verified 'secret.key' with correct key string.
[4/6] Checking Port Availability          [OK]
   ... Port 15034 is available.
[5/6] Verifying Log Permission            [OK]
   ... Log directory is writable: /var/log/agent-app
[6/6] Verifying Mission Environment       [OK]
   ... MEMORY_LIMIT=256MB, CPU_MAX_OCCUPY=10%, MULTI_THREAD_ENABLE=False
------------------------------------------------------------
All Boot Checks Passed!
Agent READY
2026-10-04 04:48:38,695 [INFO] [SafetyGuard] Process priority lowered (nice=10).
2026-10-04 04:48:38,695 [INFO] Agent listening at port 15034

==================================================
 [ Agent Initiate ] Resource Check 
==================================================
 [ MEMORY ] Limit: 256MB 		[ WARNING: Recommend Over 256MB ]
 [ CPU    ] Limit: 10%  		[ OK ]
 [ THREAD ] Concurrency: False 		[ OK ]
--------------------------------------------------
 >>> SYSTEM STATUS: STABLE. STARTING WORKLOAD MONITORING...
==================================================

2026-10-04 04:48:40,709 [INFO] [MemoryWorker] Current Heap: 25MB
2026-10-04 04:48:43,718 [INFO] [MemoryWorker] Current Heap: 50MB
2026-10-04 04:48:46,741 [INFO] [MemoryWorker] Current Heap: 75MB
2026-10-04 04:48:49,760 [INFO] [MemoryWorker] Current Heap: 100MB
2026-10-04 04:48:52,783 [INFO] [MemoryWorker] Current Heap: 125MB
2026-10-04 04:48:55,799 [INFO] [MemoryWorker] Current Heap: 150MB
2026-10-04 04:48:58,823 [INFO] [MemoryWorker] Current Heap: 175MB
2026-10-04 04:49:01,833 [INFO] [MemoryWorker] Current Heap: 200MB
2026-10-04 04:49:04,856 [INFO] [MemoryWorker] Current Heap: 225MB
2026-10-04 04:49:07,879 [INFO] [MemoryWorker] Current Heap: 250MB
2026-10-04 04:49:10,903 [INFO] [MemoryWorker] Current Heap: 275MB
2026-10-04 04:49:10,903 [CRITICAL] [MemoryGuard] Memory limit exceeded (275MB >= 256MB) / (Recommend Over 256MB)
2026-10-04 04:49:10,903 [CRITICAL] [MemoryGuard] Self-terminating process 30 to prevent system instability.


>>> [SYSTEM] SELF-TERMINATED (Memory Limit Exceeded) <<<

Killed
