>>> Starting Agent Boot Sequence...
[1/6] Checking User Account               [OK]
   ... Running as service user 'agent' (uid=1001)
[2/6] Verifying Environment Variables     [OK]
   ... All required Envs correct
[3/6] Checking Required Files             [OK]
   ... Verified 'secret.key' with correct key string.
[4/6] Checking Port Availability          [OK]
   ... Port 15034 is available.
[5/6] Verifying Log Permission            [OK]
   ... Log directory is writable: /var/log/agent-app
[6/6] Verifying Mission Environment       [OK]
   ... MEMORY_LIMIT=512MB, CPU_MAX_OCCUPY=80%, MULTI_THREAD_ENABLE=False
------------------------------------------------------------
All Boot Checks Passed!
Agent READY
2026-10-04 09:28:11,818 [INFO] [SafetyGuard] Process priority lowered (nice=10).
2026-10-04 09:28:11,818 [INFO] Agent listening at port 15034

==================================================
 [ Agent Initiate ] Resource Check 
==================================================
 [ MEMORY ] Limit: 512MB 		[ OK ]
 [ CPU    ] Limit: 80%  		[ WARNING: Recommend Under 50% ]
 [ THREAD ] Concurrency: False 		[ OK ]
--------------------------------------------------
 >>> SYSTEM STATUS: STABLE. STARTING WORKLOAD MONITORING...
==================================================

2026-10-04 09:28:13,828 [INFO] [CpuWorker] Started. Maximum CPU Limit: 80%
2026-10-04 09:28:13,828 [INFO] [CpuWorker] Current Load: 5.00%
2026-10-04 09:28:16,943 [INFO] [CpuWorker] Current Load: 7.51%
2026-10-04 09:28:20,058 [INFO] [CpuWorker] Current Load: 8.60%
2026-10-04 09:28:23,174 [INFO] [CpuWorker] Current Load: 13.30%
2026-10-04 09:28:26,290 [INFO] [CpuWorker] Current Load: 19.02%
2026-10-04 09:28:29,404 [INFO] [CpuWorker] Current Load: 24.92%
2026-10-04 09:28:32,515 [INFO] [CpuWorker] Current Load: 26.58%
2026-10-04 09:28:35,630 [INFO] [CpuWorker] Current Load: 31.51%
2026-10-04 09:28:38,739 [INFO] [CpuWorker] Current Load: 37.37%
2026-10-04 09:28:41,848 [INFO] [CpuWorker] Current Load: 44.67%
2026-10-04 09:28:44,964 [INFO] [CpuWorker] Current Load: 47.36%
2026-10-04 09:28:48,080 [INFO] [CpuWorker] Current Load: 49.65%
2026-10-04 09:28:51,189 [INFO] [CpuWorker] Current Load: 49.85%
2026-10-04 09:28:54,304 [INFO] [CpuWorker] Current Load: 56.38%
2026-10-04 09:28:54,404 [CRITICAL] [CpuWorker] CPU Threshold Violated! (56.38%).

>>> [SYSTEM] WATCHDOG: INITIATING EMERGENCY ABORT (SIGTERM) <<<

Terminated
