>>> Starting Agent Boot Sequence...
[1/6] Checking User Account               [OK]
   ... Running as service user 'agent' (uid=1001)
[2/6] Verifying Environment Variables     [OK]
   ... All required Envs correct
[3/6] Checking Required Files             [OK]
   ... Verified 'secret.key' with correct key string.
[4/6] Checking Port Availability          [OK]
   ... Port 15034 is available.
[5/6] Verifying Log Permission            [OK]
   ... Log directory is writable: /var/log/agent-app
[6/6] Verifying Mission Environment       [OK]
   ... MEMORY_LIMIT=256MB, CPU_MAX_OCCUPY=50%, MULTI_THREAD_ENABLE=False
------------------------------------------------------------
All Boot Checks Passed!
Agent READY
2026-10-04 04:47:42,375 [INFO] [SafetyGuard] Process priority lowered (nice=10).
2026-10-04 04:47:42,375 [INFO] Agent listening at port 15034

==================================================
 [ Agent Initiate ] Resource Check 
==================================================
 [ MEMORY ] Limit: 256MB 		[ WARNING: Recommend Over 256MB ]
 [ CPU    ] Limit: 50%  		[ OK ]
 [ THREAD ] Concurrency: False 		[ OK ]
--------------------------------------------------
 >>> SYSTEM STATUS: STABLE. STARTING WORKLOAD MONITORING...
==================================================

2026-10-04 04:47:44,393 [INFO] [MemoryWorker] Current Heap: 25MB
2026-10-04 04:47:47,424 [INFO] [MemoryWorker] Current Heap: 50MB
2026-10-04 04:47:50,459 [INFO] [MemoryWorker] Current Heap: 75MB
2026-10-04 04:47:53,485 [INFO] [MemoryWorker] Current Heap: 100MB
2026-10-04 04:47:56,498 [INFO] [MemoryWorker] Current Heap: 125MB
2026-10-04 04:47:59,511 [INFO] [MemoryWorker] Current Heap: 150MB
2026-10-04 04:48:02,522 [INFO] [MemoryWorker] Current Heap: 175MB
2026-10-04 04:48:05,535 [INFO] [MemoryWorker] Current Heap: 200MB
2026-10-04 04:48:08,553 [INFO] [MemoryWorker] Current Heap: 225MB
2026-10-04 04:48:11,575 [INFO] [MemoryWorker] Current Heap: 250MB
2026-10-04 04:48:14,597 [INFO] [MemoryWorker] Current Heap: 275MB
2026-10-04 04:48:14,597 [CRITICAL] [MemoryGuard] Memory limit exceeded (275MB >= 256MB) / (Recommend Over 256MB)
2026-10-04 04:48:14,597 [CRITICAL] [MemoryGuard] Self-terminating process 31 to prevent system instability.


>>> [SYSTEM] SELF-TERMINATED (Memory Limit Exceeded) <<<

Killed
