>>> Starting Agent Boot Sequence...
[1/6] Checking User Account               [OK]
   ... Running as service user 'agent' (uid=1001)
[2/6] Verifying Environment Variables     [OK]
   ... All required Envs correct
[3/6] Checking Required Files             [OK]
   ... Verified 'secret.key' with correct key string.
[4/6] Checking Port Availability          [OK]
   ... Port 15034 is available.
[5/6] Verifying Log Permission            [OK]
   ... Log directory is writable: /var/log/agent-app
[6/6] Verifying Mission Environment       [OK]
   ... MEMORY_LIMIT=128MB, CPU_MAX_OCCUPY=50%, MULTI_THREAD_ENABLE=False
------------------------------------------------------------
All Boot Checks Passed!
Agent READY
2026-10-04 09:14:05,097 [INFO] [SafetyGuard] Process priority lowered (nice=10).
2026-10-04 09:14:05,097 [INFO] Agent listening at port 15034

==================================================
 [ Agent Initiate ] Resource Check 
==================================================
 [ MEMORY ] Limit: 128MB 		[ WARNING: Recommend Over 256MB ]
 [ CPU    ] Limit: 50%  		[ OK ]
 [ THREAD ] Concurrency: False 		[ OK ]
--------------------------------------------------
 >>> SYSTEM STATUS: STABLE. STARTING WORKLOAD MONITORING...
==================================================

2026-10-04 09:14:07,109 [INFO] [MemoryWorker] Current Heap: 25MB
2026-10-04 09:14:10,123 [INFO] [MemoryWorker] Current Heap: 50MB
2026-10-04 09:14:13,144 [INFO] [MemoryWorker] Current Heap: 75MB
2026-10-04 09:14:16,167 [INFO] [MemoryWorker] Current Heap: 100MB
2026-10-04 09:14:19,189 [INFO] [MemoryWorker] Current Heap: 125MB
2026-10-04 09:14:22,196 [INFO] [MemoryWorker] Current Heap: 150MB
2026-10-04 09:14:22,197 [CRITICAL] [MemoryGuard] Memory limit exceeded (150MB >= 128MB) / (Recommend Over 256MB)
2026-10-04 09:14:22,197 [CRITICAL] [MemoryGuard] Self-terminating process 31 to prevent system instability.


>>> [SYSTEM] SELF-TERMINATED (Memory Limit Exceeded) <<<

Killed
